Serverless: plugin 'InteractiveCli' attaches to hook 'interactiveCli:initializeService'.
Serverless: plugin 'InteractiveCli' attaches to hook 'interactiveCli:setupAws'.
Serverless: plugin 'InteractiveCli' attaches to hook 'interactiveCli:tabCompletion'.
Serverless: plugin 'InteractiveCli', command 'interactiveCli' provides lifecycleEvents: 'initializeService', 'setupAws', 'tabCompletion', 'end'
Serverless: plugin 'Config' attaches to hook 'before:config:credentials:config'.
Serverless: plugin 'Config' attaches to hook 'after:config:credentials:config'.
Serverless: plugin 'Config' attaches to hook 'config:tabcompletion:install:install'.
Serverless: plugin 'Config' attaches to hook 'config:tabcompletion:uninstall:uninstall'.
Serverless: plugin 'Config', command 'config', subcommand 'credentials' provides lifecycleEvents: 'config'
Serverless: plugin 'Create' attaches to hook 'create:create'.
Serverless: plugin 'Create', command 'create' provides lifecycleEvents: 'create'
Serverless: plugin 'Install' attaches to hook 'install:install'.
Serverless: plugin 'Install', command 'install' provides lifecycleEvents: 'install'
Serverless: plugin 'Package' attaches to hook 'package:createDeploymentArtifacts'.
Serverless: plugin 'Package' attaches to hook 'package:function:package'.
Serverless: plugin 'Package', command 'package' provides lifecycleEvents: 'cleanup', 'initialize', 'setupProviderConfiguration', 'createDeploymentArtifacts', 'compileLayers', 'compileFunctions', 'compileEvents', 'finalize'
Serverless: plugin 'Package', command 'package', subcommand 'function' provides lifecycleEvents: 'package'
Serverless: plugin 'Deploy' attaches to hook 'before:deploy:deploy'.
Serverless: plugin 'Deploy' attaches to hook 'after:deploy:deploy'.
Serverless: plugin 'Deploy', command 'deploy' provides lifecycleEvents: 'deprecated#cleanup->package:cleanup', 'deprecated#initialize->package:initialize', 'deprecated#setupProviderConfiguration->package:setupProviderConfiguration', 'deprecated#createDeploymentArtifacts->package:createDeploymentArtifacts', 'deprecated#compileFunctions->package:compileFunctions', 'deprecated#compileEvents->package:compileEvents', 'deploy', 'finalize'
Serverless: plugin 'Deploy', command 'deploy', subcommand 'function' provides lifecycleEvents: 'initialize', 'packageFunction', 'deploy'
Serverless: plugin 'Deploy', command 'deploy', subcommand 'list' provides lifecycleEvents: 'log'
Serverless: plugin 'Invoke' attaches to hook 'invoke:local:loadEnvVars'.
Serverless: plugin 'Invoke' attaches to hook 'after:invoke:invoke'.
Serverless: plugin 'Invoke' attaches to hook 'after:invoke:local:invoke'.
Serverless: plugin 'Invoke', command 'invoke' provides lifecycleEvents: 'invoke'
Serverless: plugin 'Invoke', command 'invoke', subcommand 'local' provides lifecycleEvents: 'loadEnvVars', 'invoke'
Serverless: plugin 'Info' attaches to hook 'after:info:info'.
Serverless: plugin 'Info', command 'info' provides lifecycleEvents: 'info'
Serverless: plugin 'Logs' attaches to hook 'after:logs:logs'.
Serverless: plugin 'Logs', command 'logs' provides lifecycleEvents: 'logs'
Serverless: plugin 'Metrics' attaches to hook 'after:metrics:metrics'.
Serverless: plugin 'Metrics', command 'metrics' provides lifecycleEvents: 'metrics'
Serverless: plugin 'Print' attaches to hook 'print:print'.
Serverless: plugin 'Print', command 'print' provides lifecycleEvents: 'print'
Serverless: plugin 'Remove' attaches to hook 'after:remove:remove'.
Serverless: plugin 'Remove', command 'remove' provides lifecycleEvents: 'remove'
Serverless: plugin 'Rollback' attaches to hook 'after:rollback:rollback'.
Serverless: plugin 'Rollback', command 'rollback' provides lifecycleEvents: 'initialize', 'rollback'
Serverless: plugin 'Rollback', command 'rollback', subcommand 'function' provides lifecycleEvents: 'rollback'
Serverless: plugin 'SlStats' attaches to hook 'slstats:slstats'.
Serverless: plugin 'SlStats', command 'slstats' provides lifecycleEvents: 'slstats'
Serverless: plugin 'Plugin' attaches to hook 'plugin:plugin'.
Serverless: plugin 'Plugin', command 'plugin' provides lifecycleEvents: 'plugin'
Serverless: plugin 'PluginInstall' attaches to hook 'plugin:install:install'.
Serverless: plugin 'PluginInstall', command 'plugin', subcommand 'install' provides lifecycleEvents: 'install'
Serverless: plugin 'PluginUninstall' attaches to hook 'plugin:uninstall:uninstall'.
Serverless: plugin 'PluginUninstall', command 'plugin', subcommand 'uninstall' provides lifecycleEvents: 'uninstall'
Serverless: plugin 'PluginList' attaches to hook 'plugin:list:list'.
Serverless: plugin 'PluginList', command 'plugin', subcommand 'list' provides lifecycleEvents: 'list'
Serverless: plugin 'PluginSearch' attaches to hook 'plugin:search:search'.
Serverless: plugin 'PluginSearch', command 'plugin', subcommand 'search' provides lifecycleEvents: 'search'
Serverless: plugin 'AwsConfigCredentials' attaches to hook 'config:credentials:config'.
Serverless: plugin 'AwsConfigCredentials', command 'config', subcommand 'credentials' provides lifecycleEvents: 'config'
Serverless: plugin 'Executable' attaches to hook 'upgrade:upgrade'.
Serverless: plugin 'Executable' attaches to hook 'uninstall:uninstall'.
Serverless: plugin 'Executable', command 'upgrade' provides lifecycleEvents: 'upgrade'
Serverless: plugin 'Executable', command 'uninstall' provides lifecycleEvents: 'uninstall'
Serverless: plugin 'PathUtil' attaches to hook 'before:print:print'.
Serverless: plugin 'PathUtil' attaches to hook 'after:print:print'.
Serverless: plugin 'PathUtil' attaches to hook 'path:dump:dump'.
Serverless: plugin 'PathUtil', command 'path' provides lifecycleEvents: 'print'
Serverless: plugin 'PathUtil', command 'path', subcommand 'dump' provides lifecycleEvents: 'dump'
Serverless: plugin 'ServerlessWebpack' attaches to hook 'after:invoke:local:invoke'.
Serverless: plugin 'ServerlessWebpack' attaches to hook 'before:package:createDeploymentArtifacts'.
Serverless: plugin 'ServerlessWebpack' attaches to hook 'after:package:createDeploymentArtifacts'.
Serverless: plugin 'ServerlessWebpack' attaches to hook 'before:deploy:function:packageFunction'.
Serverless: plugin 'ServerlessWebpack' attaches to hook 'before:invoke:local:invoke'.
Serverless: plugin 'ServerlessWebpack' attaches to hook 'before:run:run'.
Serverless: plugin 'ServerlessWebpack' attaches to hook 'after:run:run'.
Serverless: plugin 'ServerlessWebpack' attaches to hook 'webpack:webpack'.
Serverless: plugin 'ServerlessWebpack' attaches to hook 'webpack:validate:validate'.
Serverless: plugin 'ServerlessWebpack' attaches to hook 'webpack:compile:compile'.
Serverless: plugin 'ServerlessWebpack' attaches to hook 'webpack:compile:watch:compile'.
Serverless: plugin 'ServerlessWebpack' attaches to hook 'webpack:package:packExternalModules'.
Serverless: plugin 'ServerlessWebpack' attaches to hook 'webpack:package:packageModules'.
Serverless: plugin 'ServerlessWebpack' attaches to hook 'before:offline:start'.
Serverless: plugin 'ServerlessWebpack' attaches to hook 'before:offline:start:init'.
Serverless: plugin 'ServerlessWebpack' attaches to hook 'before:step-functions-offline:start'.
Serverless: plugin 'ServerlessWebpack', command 'webpack' provides lifecycleEvents: 'webpack'
Serverless: plugin 'ServerlessWebpack', command 'webpack', subcommand 'validate' provides lifecycleEvents: 'validate'
Serverless: plugin 'ServerlessWebpack', command 'webpack', subcommand 'compile' provides lifecycleEvents: 'compile'
Serverless: plugin 'ServerlessWebpack', command 'webpack', subcommand 'package' provides lifecycleEvents: 'packExternalModules', 'packageModules'
Serverless: plugin 'ShowHooks' attaches to hook 'hooks:hooks'.
Serverless: plugin 'ShowHooks', command 'hooks' provides lifecycleEvents: 'hooks'
Serverless: plugin 'ServerlessEnterprisePlugin' attaches to hook 'login:login'.
Serverless: plugin 'ServerlessEnterprisePlugin' attaches to hook 'logout:logout'.
Serverless: plugin 'ServerlessEnterprisePlugin' attaches to hook 'generate-event:generate-event'.
Serverless: plugin 'ServerlessEnterprisePlugin' attaches to hook 'test:test'.
Serverless: plugin 'ServerlessEnterprisePlugin' attaches to hook 'dashboard:dashboard'.
Serverless: plugin 'ServerlessEnterprisePlugin' attaches to hook 'output:get:get'.
Serverless: plugin 'ServerlessEnterprisePlugin' attaches to hook 'output:list:list'.
Serverless: plugin 'ServerlessEnterprisePlugin' attaches to hook 'param:get:get'.
Serverless: plugin 'ServerlessEnterprisePlugin' attaches to hook 'param:list:list'.
Serverless: plugin 'ServerlessEnterprisePlugin' attaches to hook 'after:aws:deploy:finalize:cleanup'.
Serverless: plugin 'ServerlessEnterprisePlugin' attaches to hook 'studio:studio'.
Serverless: plugin 'ServerlessEnterprisePlugin' attaches to hook 'dev:dev'.
Serverless: plugin 'ServerlessEnterprisePlugin' attaches to hook 'initialize'.
Serverless: plugin 'ServerlessEnterprisePlugin' attaches to hook 'before:interactiveCli:setupAws'.
Serverless: plugin 'ServerlessEnterprisePlugin' attaches to hook 'interactiveCli:end'.
Serverless: plugin 'ServerlessEnterprisePlugin', command 'login' provides lifecycleEvents: 'login'
Serverless: plugin 'ServerlessEnterprisePlugin', command 'logout' provides lifecycleEvents: 'logout'
Serverless: plugin 'ServerlessEnterprisePlugin', command 'generate-event' provides lifecycleEvents: 'generate-event'
Serverless: plugin 'ServerlessEnterprisePlugin', command 'test' provides lifecycleEvents: 'test'
Serverless: plugin 'ServerlessEnterprisePlugin', command 'dashboard' provides lifecycleEvents: 'dashboard'
Serverless: plugin 'ServerlessEnterprisePlugin', command 'output', subcommand 'get' provides lifecycleEvents: 'get'
Serverless: plugin 'ServerlessEnterprisePlugin', command 'output', subcommand 'list' provides lifecycleEvents: 'list'
Serverless: plugin 'ServerlessEnterprisePlugin', command 'param', subcommand 'get' provides lifecycleEvents: 'get'
Serverless: plugin 'ServerlessEnterprisePlugin', command 'param', subcommand 'list' provides lifecycleEvents: 'list'
Serverless: plugin 'ServerlessEnterprisePlugin', command 'studio' provides lifecycleEvents: 'studio'
Serverless: plugin 'ServerlessEnterprisePlugin', command 'dev' provides lifecycleEvents: 'dev'
