Serverless: plugin 'InteractiveCli', command 'interactiveCli' provides lifecycleEvents: 'initializeService', 'setupAws', 'tabCompletion', 'end'
Serverless: plugin 'Config', command 'config', subcommand 'credentials' provides lifecycleEvents: 'config'
Serverless: plugin 'Create', command 'create' provides lifecycleEvents: 'create'
Serverless: plugin 'Install', command 'install' provides lifecycleEvents: 'install'
Serverless: plugin 'Package', command 'package' provides lifecycleEvents: 'cleanup', 'initialize', 'setupProviderConfiguration', 'createDeploymentArtifacts', 'compileLayers', 'compileFunctions', 'compileEvents', 'finalize'
Serverless: plugin 'Package', command 'package', subcommand 'function' provides lifecycleEvents: 'package'
Serverless: plugin 'Deploy', command 'deploy' provides lifecycleEvents: 'deprecated#cleanup->package:cleanup', 'deprecated#initialize->package:initialize', 'deprecated#setupProviderConfiguration->package:setupProviderConfiguration', 'deprecated#createDeploymentArtifacts->package:createDeploymentArtifacts', 'deprecated#compileFunctions->package:compileFunctions', 'deprecated#compileEvents->package:compileEvents', 'deploy', 'finalize'
Serverless: plugin 'Deploy', command 'deploy', subcommand 'function' provides lifecycleEvents: 'initialize', 'packageFunction', 'deploy'
Serverless: plugin 'Deploy', command 'deploy', subcommand 'list' provides lifecycleEvents: 'log'
Serverless: plugin 'Invoke', command 'invoke' provides lifecycleEvents: 'invoke'
Serverless: plugin 'Invoke', command 'invoke', subcommand 'local' provides lifecycleEvents: 'loadEnvVars', 'invoke'
Serverless: plugin 'Info', command 'info' provides lifecycleEvents: 'info'
Serverless: plugin 'Logs', command 'logs' provides lifecycleEvents: 'logs'
Serverless: plugin 'Metrics', command 'metrics' provides lifecycleEvents: 'metrics'
Serverless: plugin 'Print', command 'print' provides lifecycleEvents: 'print'
Serverless: plugin 'Remove', command 'remove' provides lifecycleEvents: 'remove'
Serverless: plugin 'Rollback', command 'rollback' provides lifecycleEvents: 'initialize', 'rollback'
Serverless: plugin 'Rollback', command 'rollback', subcommand 'function' provides lifecycleEvents: 'rollback'
Serverless: plugin 'SlStats', command 'slstats' provides lifecycleEvents: 'slstats'
Serverless: plugin 'Plugin', command 'plugin' provides lifecycleEvents: 'plugin'
Serverless: plugin 'PluginInstall', command 'plugin', subcommand 'install' provides lifecycleEvents: 'install'
Serverless: plugin 'PluginUninstall', command 'plugin', subcommand 'uninstall' provides lifecycleEvents: 'uninstall'
Serverless: plugin 'PluginList', command 'plugin', subcommand 'list' provides lifecycleEvents: 'list'
Serverless: plugin 'PluginSearch', command 'plugin', subcommand 'search' provides lifecycleEvents: 'search'
Serverless: plugin 'AwsConfigCredentials', command 'config', subcommand 'credentials' provides lifecycleEvents: 'config'
Serverless: plugin 'Executable', command 'upgrade' provides lifecycleEvents: 'upgrade'
Serverless: plugin 'Executable', command 'uninstall' provides lifecycleEvents: 'uninstall'
Serverless: plugin 'PathUtil', command 'path' provides lifecycleEvents: 'print'
Serverless: plugin 'PathUtil', command 'path', subcommand 'dump' provides lifecycleEvents: 'dump'
Serverless: plugin 'ServerlessWebpack', command 'webpack' provides lifecycleEvents: 'webpack'
Serverless: plugin 'ServerlessWebpack', command 'webpack', subcommand 'validate' provides lifecycleEvents: 'validate'
Serverless: plugin 'ServerlessWebpack', command 'webpack', subcommand 'compile' provides lifecycleEvents: 'compile'
Serverless: plugin 'ServerlessWebpack', command 'webpack', subcommand 'package' provides lifecycleEvents: 'packExternalModules', 'packageModules'
Serverless: plugin 'ShowHooks', command 'hooks' provides lifecycleEvents: 'hooks'
Serverless: plugin 'ServerlessEnterprisePlugin', command 'login' provides lifecycleEvents: 'login'
Serverless: plugin 'ServerlessEnterprisePlugin', command 'logout' provides lifecycleEvents: 'logout'
Serverless: plugin 'ServerlessEnterprisePlugin', command 'generate-event' provides lifecycleEvents: 'generate-event'
Serverless: plugin 'ServerlessEnterprisePlugin', command 'test' provides lifecycleEvents: 'test'
Serverless: plugin 'ServerlessEnterprisePlugin', command 'dashboard' provides lifecycleEvents: 'dashboard'
Serverless: plugin 'ServerlessEnterprisePlugin', command 'output', subcommand 'get' provides lifecycleEvents: 'get'
Serverless: plugin 'ServerlessEnterprisePlugin', command 'output', subcommand 'list' provides lifecycleEvents: 'list'
Serverless: plugin 'ServerlessEnterprisePlugin', command 'param', subcommand 'get' provides lifecycleEvents: 'get'
Serverless: plugin 'ServerlessEnterprisePlugin', command 'param', subcommand 'list' provides lifecycleEvents: 'list'
Serverless: plugin 'ServerlessEnterprisePlugin', command 'studio' provides lifecycleEvents: 'studio'
Serverless: plugin 'ServerlessEnterprisePlugin', command 'dev' provides lifecycleEvents: 'dev'

